// Jest Snapshot v1, https://goo.gl/fbAQLP

exports[`single fields null field 1`] = `
<form
  className="ui form rjsf"
  noValidate={false}
  onSubmit={[Function]}
>
  <div
    className="grouped equal width fields"
  />
  <div>
    <button
      className="btn btn-info"
      type="submit"
    >
      Submit
    </button>
  </div>
</form>
`;

exports[`single fields number field 1`] = `
<form
  className="ui form rjsf"
  noValidate={false}
  onSubmit={[Function]}
>
  <div
    className="grouped equal width fields"
  >
    <div
      className="field"
    >
      <div
        className="ui fluid input"
      >
        <input
          autoFocus={false}
          disabled={false}
          id="root"
          onBlur={[Function]}
          onChange={[Function]}
          onFocus={[Function]}
          type="number"
          value=""
        />
      </div>
    </div>
  </div>
  <div>
    <button
      className="btn btn-info"
      type="submit"
    >
      Submit
    </button>
  </div>
</form>
`;

exports[`single fields string field format data-url 1`] = `
<form
  className="ui form rjsf"
  noValidate={false}
  onSubmit={[Function]}
>
  <div
    className="grouped equal width fields"
  >
    <div>
      <p>
        <input
          autoFocus={false}
          defaultValue=""
          disabled={false}
          id="root"
          onChange={[Function]}
          type="file"
        />
      </p>
    </div>
  </div>
  <div>
    <button
      className="btn btn-info"
      type="submit"
    >
      Submit
    </button>
  </div>
</form>
`;

exports[`single fields string field format email 1`] = `
<form
  className="ui form rjsf"
  noValidate={false}
  onSubmit={[Function]}
>
  <div
    className="grouped equal width fields"
  >
    <input
      autoFocus={false}
      className="form-control"
      disabled={false}
      id="root"
      list={null}
      onBlur={[Function]}
      onChange={[Function]}
      onFocus={[Function]}
      placeholder=""
      readOnly={false}
      required={false}
      type="email"
      value=""
    />
  </div>
  <div>
    <button
      className="btn btn-info"
      type="submit"
    >
      Submit
    </button>
  </div>
</form>
`;

exports[`single fields string field format uri 1`] = `
<form
  className="ui form rjsf"
  noValidate={false}
  onSubmit={[Function]}
>
  <div
    className="grouped equal width fields"
  >
    <input
      autoFocus={false}
      className="form-control"
      disabled={false}
      id="root"
      list={null}
      onBlur={[Function]}
      onChange={[Function]}
      onFocus={[Function]}
      placeholder=""
      readOnly={false}
      required={false}
      type="url"
      value=""
    />
  </div>
  <div>
    <button
      className="btn btn-info"
      type="submit"
    >
      Submit
    </button>
  </div>
</form>
`;

exports[`single fields string field regular 1`] = `
<form
  className="ui form rjsf"
  noValidate={false}
  onSubmit={[Function]}
>
  <div
    className="grouped equal width fields"
  >
    <div
      className="field"
    >
      <div
        className="ui fluid input"
      >
        <input
          autoFocus={false}
          disabled={false}
          id="root"
          onBlur={[Function]}
          onChange={[Function]}
          onFocus={[Function]}
          type="string"
          value=""
        />
      </div>
    </div>
  </div>
  <div>
    <button
      className="btn btn-info"
      type="submit"
    >
      Submit
    </button>
  </div>
</form>
`;

exports[`single fields unsupported field 1`] = `
<form
  className="ui form rjsf"
  noValidate={false}
  onSubmit={[Function]}
>
  <div
    className="grouped equal width fields"
  >
    <div
      className="unsupported-field"
    >
      <p>
        Unsupported field schema
        <span>
           for
           field 
          <code>
            root
          </code>
        </span>
        <em>
          : 
          Unknown field type undefined
        </em>
        .
      </p>
      <pre>
        {}
      </pre>
    </div>
  </div>
  <div>
    <button
      className="btn btn-info"
      type="submit"
    >
      Submit
    </button>
  </div>
</form>
`;
