// Jest Snapshot v1, https://goo.gl/fbAQLP

exports[`object fields object 1`] = `
<form
  className="rjsf"
  noValidate={false}
  onSubmit={[Function]}
>
  <div
    className="MuiFormControl-root MuiFormControl-fullWidth"
  >
    <div
      className="MuiGrid-root makeStyles-root-5 MuiGrid-container MuiGrid-spacing-xs-2"
    >
      <div
        className="MuiGrid-root MuiGrid-item MuiGrid-grid-xs-12"
        style={
          Object {
            "marginBottom": "10px",
          }
        }
      >
        <div
          className="MuiFormControl-root MuiFormControl-fullWidth"
        >
          <div
            className="MuiFormControl-root MuiTextField-root"
            registry={
              Object {
                "ArrayFieldTemplate": [Function],
                "FieldTemplate": [Function],
                "ObjectFieldTemplate": [Function],
                "definitions": Object {},
                "fields": Object {
                  "AnyOfField": [Function],
                  "ArrayField": [Function],
                  "BooleanField": [Function],
                  "DescriptionField": [Function],
                  "NullField": [Function],
                  "NumberField": [Function],
                  "ObjectField": [Function],
                  "OneOfField": [Function],
                  "SchemaField": [Function],
                  "StringField": [Function],
                  "TitleField": [Function],
                  "UnsupportedField": [Function],
                },
                "formContext": Object {},
                "rootSchema": Object {
                  "properties": Object {
                    "a": Object {
                      "type": "string",
                    },
                    "b": Object {
                      "type": "number",
                    },
                  },
                  "type": "object",
                },
                "widgets": Object {
                  "AltDateTimeWidget": [Function],
                  "AltDateWidget": [Function],
                  "BaseInput": [Function],
                  "CheckboxWidget": [Function],
                  "CheckboxesWidget": [Function],
                  "ColorWidget": [Function],
                  "DateTimeWidget": [Function],
                  "DateWidget": [Function],
                  "EmailWidget": [Function],
                  "FileWidget": [Function],
                  "HiddenWidget": [Function],
                  "PasswordWidget": [Function],
                  "RadioWidget": [Function],
                  "RangeWidget": [Function],
                  "SelectWidget": [Function],
                  "TextWidget": [Function],
                  "TextareaWidget": [Function],
                  "URLWidget": [Function],
                  "UpDownWidget": [Function],
                },
              }
            }
          >
            <label
              className="MuiFormLabel-root MuiInputLabel-root MuiInputLabel-formControl MuiInputLabel-animated"
              data-shrink={false}
              htmlFor="root_a"
              id="root_a-label"
            >
              a
            </label>
            <div
              className="MuiInputBase-root MuiInput-root MuiInput-underline MuiInputBase-formControl MuiInput-formControl"
              onClick={[Function]}
            >
              <input
                aria-invalid={false}
                autoFocus={false}
                className="MuiInputBase-input MuiInput-input"
                disabled={false}
                id="root_a"
                name="nodejs"
                onAnimationStart={[Function]}
                onBlur={[Function]}
                onChange={[Function]}
                onFocus={[Function]}
                placeholder=""
                required={false}
                type="string"
                value=""
              />
            </div>
          </div>
        </div>
      </div>
      <div
        className="MuiGrid-root MuiGrid-item MuiGrid-grid-xs-12"
        style={
          Object {
            "marginBottom": "10px",
          }
        }
      >
        <div
          className="MuiFormControl-root MuiFormControl-fullWidth"
        >
          <div
            className="MuiFormControl-root MuiTextField-root"
            registry={
              Object {
                "ArrayFieldTemplate": [Function],
                "FieldTemplate": [Function],
                "ObjectFieldTemplate": [Function],
                "definitions": Object {},
                "fields": Object {
                  "AnyOfField": [Function],
                  "ArrayField": [Function],
                  "BooleanField": [Function],
                  "DescriptionField": [Function],
                  "NullField": [Function],
                  "NumberField": [Function],
                  "ObjectField": [Function],
                  "OneOfField": [Function],
                  "SchemaField": [Function],
                  "StringField": [Function],
                  "TitleField": [Function],
                  "UnsupportedField": [Function],
                },
                "formContext": Object {},
                "rootSchema": Object {
                  "properties": Object {
                    "a": Object {
                      "type": "string",
                    },
                    "b": Object {
                      "type": "number",
                    },
                  },
                  "type": "object",
                },
                "widgets": Object {
                  "AltDateTimeWidget": [Function],
                  "AltDateWidget": [Function],
                  "BaseInput": [Function],
                  "CheckboxWidget": [Function],
                  "CheckboxesWidget": [Function],
                  "ColorWidget": [Function],
                  "DateTimeWidget": [Function],
                  "DateWidget": [Function],
                  "EmailWidget": [Function],
                  "FileWidget": [Function],
                  "HiddenWidget": [Function],
                  "PasswordWidget": [Function],
                  "RadioWidget": [Function],
                  "RangeWidget": [Function],
                  "SelectWidget": [Function],
                  "TextWidget": [Function],
                  "TextareaWidget": [Function],
                  "URLWidget": [Function],
                  "UpDownWidget": [Function],
                },
              }
            }
          >
            <label
              className="MuiFormLabel-root MuiInputLabel-root MuiInputLabel-formControl MuiInputLabel-animated"
              data-shrink={false}
              htmlFor="root_b"
              id="root_b-label"
            >
              b
            </label>
            <div
              className="MuiInputBase-root MuiInput-root MuiInput-underline MuiInputBase-formControl MuiInput-formControl"
              onClick={[Function]}
            >
              <input
                aria-invalid={false}
                autoFocus={false}
                className="MuiInputBase-input MuiInput-input"
                disabled={false}
                id="root_b"
                name="nodejs"
                onAnimationStart={[Function]}
                onBlur={[Function]}
                onChange={[Function]}
                onFocus={[Function]}
                placeholder=""
                required={false}
                type="number"
                value=""
              />
            </div>
          </div>
        </div>
      </div>
    </div>
  </div>
  <div
    className="MuiBox-root MuiBox-root-162"
  >
    <button
      className="MuiButtonBase-root MuiButton-root MuiButton-contained MuiButton-containedPrimary"
      disabled={false}
      onBlur={[Function]}
      onDragLeave={[Function]}
      onFocus={[Function]}
      onKeyDown={[Function]}
      onKeyUp={[Function]}
      onMouseDown={[Function]}
      onMouseLeave={[Function]}
      onMouseUp={[Function]}
      onTouchEnd={[Function]}
      onTouchMove={[Function]}
      onTouchStart={[Function]}
      tabIndex={0}
      type="submit"
    >
      <span
        className="MuiButton-label"
      >
        Submit
      </span>
    </button>
  </div>
</form>
`;
